// Jest Snapshot v1, https://goo.gl/fbAQLP

exports[`App Stocks renders correctly 1`] = `<div />`;
