// Jest Snapshot v1, https://goo.gl/fbAQLP

exports[`Stock card renders properly 1`] = `<div />`;
