// Jest Snapshot v1, https://goo.gl/fbAQLP

exports[`Component renders properly 1`] = `
<nav
  class="navbar navbar-expand-md navbar-light bg-light"
>
  <router-link-stub
    class="navbar-brand"
    to="/"
  >
    <a>
      
    Stocks App
    
    </a>
  </router-link-stub>
   
  <button
    aria-controls="navbarNav"
    aria-expanded="false"
    aria-label="Toggle navigation"
    class="navbar-toggler"
    data-target="#navbarNav"
    data-toggle="collapse"
    type="button"
  >
    <span
      class="navbar-toggler-icon"
    />
  </button>
   
  <div
    class="collapse navbar-collapse"
    id="navbarNav"
  >
    <ul
      class="navbar-nav"
    >
      <router-link-stub
        activeclass="active"
        tag="li"
        to="/stocks"
      >
        <a
          class="nav-link"
        >
          
          Stocks
        
        </a>
      </router-link-stub>
       
      <router-link-stub
        activeclass="active"
        tag="li"
        to="/portfolio"
      >
        <a
          class="nav-link"
        >
          
          Portfolio
        
        </a>
      </router-link-stub>
    </ul>
     
    <ul
      class="navbar-nav ml-auto"
    >
      <li
        class="nav-item ml-auto"
      >
        <a
          class="nav-link"
        >
          
          End Day
        
        </a>
      </li>
       
      <li
        class="nav-item"
      >
        <a
          class="nav-link"
        >
          
          Save & Load
        
        </a>
      </li>
       
      <li
        class="nav-item"
      >
        <a
          class="nav-link"
        >
          
          Funds: 10000
        
        </a>
      </li>
    </ul>
  </div>
</nav>
`;
